{"__type":"$$EventMessageAudit","id":"720fb09f-19c5-443d-8368-b62c13747843","ts":"2025-10-01T16:44:05.550+00:00","eventName":"n8n.audit.workflow.created","message":"n8n.audit.workflow.created","payload":{"userId":"f081abce-76b2-4e89-be09-deaa09272f44","_email":"nicollasciuldin@gmail.com","_firstName":"Nicollas","_lastName":"Ciuldin","globalRole":"global:owner","workflowId":"Tjt83oem8ImFDkPX","workflowName":"SISPCE - Automação de NCE"}}
{"__type":"$$EventMessageConfirm","confirm":"720fb09f-19c5-443d-8368-b62c13747843","ts":"2025-10-01T16:44:05.551+00:00","source":{"id":"0","name":"eventBus"}}
{"__type":"$$EventMessageAudit","id":"a260d504-ae13-433b-b4b1-2723edc0d22a","ts":"2025-10-01T16:46:08.514+00:00","eventName":"n8n.audit.workflow.created","message":"n8n.audit.workflow.created","payload":{"userId":"f081abce-76b2-4e89-be09-deaa09272f44","_email":"nicollasciuldin@gmail.com","_firstName":"Nicollas","_lastName":"Ciuldin","globalRole":"global:owner","workflowId":"qECuwsVjvD9MYeps","workflowName":"Teste Simples - Webhook"}}
{"__type":"$$EventMessageConfirm","confirm":"a260d504-ae13-433b-b4b1-2723edc0d22a","ts":"2025-10-01T16:46:08.514+00:00","source":{"id":"0","name":"eventBus"}}
{"__type":"$$EventMessageAudit","id":"c3e3c37a-4c1a-40c5-9763-9e1fd3bc1f49","ts":"2025-10-01T16:46:16.865+00:00","eventName":"n8n.audit.workflow.updated","message":"n8n.audit.workflow.updated","payload":{"userId":"f081abce-76b2-4e89-be09-deaa09272f44","_email":"nicollasciuldin@gmail.com","_firstName":"Nicollas","_lastName":"Ciuldin","globalRole":"global:owner","workflowId":"qECuwsVjvD9MYeps","workflowName":"Teste Simples - Webhook"}}
{"__type":"$$EventMessageConfirm","confirm":"c3e3c37a-4c1a-40c5-9763-9e1fd3bc1f49","ts":"2025-10-01T16:46:16.865+00:00","source":{"id":"0","name":"eventBus"}}
{"__type":"$$EventMessageWorkflow","id":"09d39dfd-62ea-4329-bb7c-a249171855dc","ts":"2025-10-01T12:46:28.087-04:00","eventName":"n8n.workflow.started","message":"n8n.workflow.started","payload":{"executionId":"1","workflowId":"qECuwsVjvD9MYeps","isManual":false,"workflowName":"Teste Simples - Webhook"}}
{"__type":"$$EventMessageConfirm","confirm":"09d39dfd-62ea-4329-bb7c-a249171855dc","ts":"2025-10-01T12:46:28.087-04:00","source":{"id":"0","name":"eventBus"}}
{"__type":"$$EventMessageNode","id":"bd18ff13-82df-41c2-881f-a5e94c1d6868","ts":"2025-10-01T12:46:28.088-04:00","eventName":"n8n.node.started","message":"n8n.node.started","payload":{"workflowId":"qECuwsVjvD9MYeps","workflowName":"Teste Simples - Webhook","executionId":"1","nodeType":"n8n-nodes-base.webhook","nodeName":"Webhook","nodeId":"2465488b-e034-4125-92b8-f648514f965f"}}
{"__type":"$$EventMessageConfirm","confirm":"bd18ff13-82df-41c2-881f-a5e94c1d6868","ts":"2025-10-01T12:46:28.089-04:00","source":{"id":"0","name":"eventBus"}}
{"__type":"$$EventMessageNode","id":"591fa4a4-249a-447b-b59c-0c909f384462","ts":"2025-10-01T12:46:28.090-04:00","eventName":"n8n.node.finished","message":"n8n.node.finished","payload":{"workflowId":"qECuwsVjvD9MYeps","workflowName":"Teste Simples - Webhook","executionId":"1","nodeType":"n8n-nodes-base.webhook","nodeName":"Webhook","nodeId":"2465488b-e034-4125-92b8-f648514f965f"}}
{"__type":"$$EventMessageConfirm","confirm":"591fa4a4-249a-447b-b59c-0c909f384462","ts":"2025-10-01T12:46:28.090-04:00","source":{"id":"0","name":"eventBus"}}
{"__type":"$$EventMessageNode","id":"7f105319-6292-40ef-b846-66921d9ae377","ts":"2025-10-01T12:46:28.091-04:00","eventName":"n8n.node.started","message":"n8n.node.started","payload":{"workflowId":"qECuwsVjvD9MYeps","workflowName":"Teste Simples - Webhook","executionId":"1","nodeType":"n8n-nodes-base.respondToWebhook","nodeName":"Responder","nodeId":"88c9d53e-baba-4011-9564-8f266d5541ed"}}
{"__type":"$$EventMessageConfirm","confirm":"7f105319-6292-40ef-b846-66921d9ae377","ts":"2025-10-01T12:46:28.091-04:00","source":{"id":"0","name":"eventBus"}}
{"__type":"$$EventMessageNode","id":"85d43f13-52a8-4f73-a37f-3f537cb24084","ts":"2025-10-01T12:46:28.093-04:00","eventName":"n8n.node.finished","message":"n8n.node.finished","payload":{"workflowId":"qECuwsVjvD9MYeps","workflowName":"Teste Simples - Webhook","executionId":"1","nodeType":"n8n-nodes-base.respondToWebhook","nodeName":"Responder","nodeId":"88c9d53e-baba-4011-9564-8f266d5541ed"}}
{"__type":"$$EventMessageConfirm","confirm":"85d43f13-52a8-4f73-a37f-3f537cb24084","ts":"2025-10-01T12:46:28.094-04:00","source":{"id":"0","name":"eventBus"}}
{"__type":"$$EventMessageWorkflow","id":"abbe7982-a793-4069-bb15-bf14ab5d6cd6","ts":"2025-10-01T12:46:28.095-04:00","eventName":"n8n.workflow.success","message":"n8n.workflow.success","payload":{"executionId":"1","success":true,"isManual":false,"workflowId":"qECuwsVjvD9MYeps","workflowName":"Teste Simples - Webhook"}}
{"__type":"$$EventMessageConfirm","confirm":"abbe7982-a793-4069-bb15-bf14ab5d6cd6","ts":"2025-10-01T12:46:28.095-04:00","source":{"id":"0","name":"eventBus"}}
{"__type":"$$EventMessageWorkflow","id":"129731c6-4776-4b51-8415-cdc1c2a789c1","ts":"2025-10-01T12:47:05.358-04:00","eventName":"n8n.workflow.started","message":"n8n.workflow.started","payload":{"executionId":"2","workflowId":"qECuwsVjvD9MYeps","isManual":false,"workflowName":"Teste Simples - Webhook"}}
{"__type":"$$EventMessageConfirm","confirm":"129731c6-4776-4b51-8415-cdc1c2a789c1","ts":"2025-10-01T12:47:05.359-04:00","source":{"id":"0","name":"eventBus"}}
{"__type":"$$EventMessageNode","id":"1720f3d1-6ed0-4d0b-9df5-8651c2db2bef","ts":"2025-10-01T12:47:05.359-04:00","eventName":"n8n.node.started","message":"n8n.node.started","payload":{"workflowId":"qECuwsVjvD9MYeps","workflowName":"Teste Simples - Webhook","executionId":"2","nodeType":"n8n-nodes-base.webhook","nodeName":"Webhook","nodeId":"2465488b-e034-4125-92b8-f648514f965f"}}
{"__type":"$$EventMessageConfirm","confirm":"1720f3d1-6ed0-4d0b-9df5-8651c2db2bef","ts":"2025-10-01T12:47:05.359-04:00","source":{"id":"0","name":"eventBus"}}
{"__type":"$$EventMessageNode","id":"cce0b3bd-466f-48ac-a020-9c712296b7b5","ts":"2025-10-01T12:47:05.359-04:00","eventName":"n8n.node.finished","message":"n8n.node.finished","payload":{"workflowId":"qECuwsVjvD9MYeps","workflowName":"Teste Simples - Webhook","executionId":"2","nodeType":"n8n-nodes-base.webhook","nodeName":"Webhook","nodeId":"2465488b-e034-4125-92b8-f648514f965f"}}
{"__type":"$$EventMessageConfirm","confirm":"cce0b3bd-466f-48ac-a020-9c712296b7b5","ts":"2025-10-01T12:47:05.359-04:00","source":{"id":"0","name":"eventBus"}}
{"__type":"$$EventMessageNode","id":"fd2e220a-9f06-44a4-b649-c2a764d8ca4a","ts":"2025-10-01T12:47:05.359-04:00","eventName":"n8n.node.started","message":"n8n.node.started","payload":{"workflowId":"qECuwsVjvD9MYeps","workflowName":"Teste Simples - Webhook","executionId":"2","nodeType":"n8n-nodes-base.respondToWebhook","nodeName":"Responder","nodeId":"88c9d53e-baba-4011-9564-8f266d5541ed"}}
{"__type":"$$EventMessageConfirm","confirm":"fd2e220a-9f06-44a4-b649-c2a764d8ca4a","ts":"2025-10-01T12:47:05.360-04:00","source":{"id":"0","name":"eventBus"}}
{"__type":"$$EventMessageNode","id":"70d70ce0-3ae1-447e-818e-95f6d16b42da","ts":"2025-10-01T12:47:05.361-04:00","eventName":"n8n.node.finished","message":"n8n.node.finished","payload":{"workflowId":"qECuwsVjvD9MYeps","workflowName":"Teste Simples - Webhook","executionId":"2","nodeType":"n8n-nodes-base.respondToWebhook","nodeName":"Responder","nodeId":"88c9d53e-baba-4011-9564-8f266d5541ed"}}
{"__type":"$$EventMessageConfirm","confirm":"70d70ce0-3ae1-447e-818e-95f6d16b42da","ts":"2025-10-01T12:47:05.361-04:00","source":{"id":"0","name":"eventBus"}}
{"__type":"$$EventMessageWorkflow","id":"51e9ff11-8c2e-4547-8f73-ba6f95df001e","ts":"2025-10-01T12:47:05.363-04:00","eventName":"n8n.workflow.success","message":"n8n.workflow.success","payload":{"executionId":"2","success":true,"isManual":false,"workflowId":"qECuwsVjvD9MYeps","workflowName":"Teste Simples - Webhook"}}
{"__type":"$$EventMessageConfirm","confirm":"51e9ff11-8c2e-4547-8f73-ba6f95df001e","ts":"2025-10-01T12:47:05.363-04:00","source":{"id":"0","name":"eventBus"}}
{"__type":"$$EventMessageAudit","id":"f319e67d-4aa9-442a-bcb1-49254c3b96ad","ts":"2025-10-01T12:49:55.897-04:00","eventName":"n8n.audit.user.credentials.created","message":"n8n.audit.user.credentials.created","payload":{"userId":"f081abce-76b2-4e89-be09-deaa09272f44","_email":"nicollasciuldin@gmail.com","_firstName":"Nicollas","_lastName":"Ciuldin","globalRole":"global:owner","credentialType":"postgres","credentialId":"PUOk0NPZ2nvX2w8J","publicApi":false,"projectId":"yMKvERyFKHmwgfu2","projectType":"personal","uiContext":"workflow_list"}}
{"__type":"$$EventMessageConfirm","confirm":"f319e67d-4aa9-442a-bcb1-49254c3b96ad","ts":"2025-10-01T12:49:55.897-04:00","source":{"id":"0","name":"eventBus"}}
{"__type":"$$EventMessageAudit","id":"464b1dce-aa7e-4033-8463-8f04b354cff1","ts":"2025-10-01T12:50:14.581-04:00","eventName":"n8n.audit.user.credentials.updated","message":"n8n.audit.user.credentials.updated","payload":{"userId":"f081abce-76b2-4e89-be09-deaa09272f44","_email":"nicollasciuldin@gmail.com","_firstName":"Nicollas","_lastName":"Ciuldin","globalRole":"global:owner","credentialType":"postgres","credentialId":"PUOk0NPZ2nvX2w8J"}}
{"__type":"$$EventMessageConfirm","confirm":"464b1dce-aa7e-4033-8463-8f04b354cff1","ts":"2025-10-01T12:50:14.581-04:00","source":{"id":"0","name":"eventBus"}}
{"__type":"$$EventMessageAudit","id":"fa3fc0a1-4f25-4ee5-9e34-efddaa6b1340","ts":"2025-10-01T12:51:28.177-04:00","eventName":"n8n.audit.user.credentials.updated","message":"n8n.audit.user.credentials.updated","payload":{"userId":"f081abce-76b2-4e89-be09-deaa09272f44","_email":"nicollasciuldin@gmail.com","_firstName":"Nicollas","_lastName":"Ciuldin","globalRole":"global:owner","credentialType":"postgres","credentialId":"PUOk0NPZ2nvX2w8J"}}
{"__type":"$$EventMessageConfirm","confirm":"fa3fc0a1-4f25-4ee5-9e34-efddaa6b1340","ts":"2025-10-01T12:51:28.177-04:00","source":{"id":"0","name":"eventBus"}}
{"__type":"$$EventMessageAudit","id":"d78478d9-a0dc-4f44-ba0e-62fe9209d00f","ts":"2025-10-01T12:52:49.378-04:00","eventName":"n8n.audit.user.credentials.updated","message":"n8n.audit.user.credentials.updated","payload":{"userId":"f081abce-76b2-4e89-be09-deaa09272f44","_email":"nicollasciuldin@gmail.com","_firstName":"Nicollas","_lastName":"Ciuldin","globalRole":"global:owner","credentialType":"postgres","credentialId":"PUOk0NPZ2nvX2w8J"}}
{"__type":"$$EventMessageConfirm","confirm":"d78478d9-a0dc-4f44-ba0e-62fe9209d00f","ts":"2025-10-01T12:52:49.379-04:00","source":{"id":"0","name":"eventBus"}}
{"__type":"$$EventMessageAudit","id":"19ba7f11-47b6-43e7-83b3-f175082badb2","ts":"2025-10-01T12:53:57.687-04:00","eventName":"n8n.audit.user.credentials.updated","message":"n8n.audit.user.credentials.updated","payload":{"userId":"f081abce-76b2-4e89-be09-deaa09272f44","_email":"nicollasciuldin@gmail.com","_firstName":"Nicollas","_lastName":"Ciuldin","globalRole":"global:owner","credentialType":"postgres","credentialId":"PUOk0NPZ2nvX2w8J"}}
{"__type":"$$EventMessageConfirm","confirm":"19ba7f11-47b6-43e7-83b3-f175082badb2","ts":"2025-10-01T12:53:57.687-04:00","source":{"id":"0","name":"eventBus"}}
{"__type":"$$EventMessageAudit","id":"460766cd-b93f-4d79-a926-e3edcc3d3260","ts":"2025-10-01T12:54:22.489-04:00","eventName":"n8n.audit.user.credentials.updated","message":"n8n.audit.user.credentials.updated","payload":{"userId":"f081abce-76b2-4e89-be09-deaa09272f44","_email":"nicollasciuldin@gmail.com","_firstName":"Nicollas","_lastName":"Ciuldin","globalRole":"global:owner","credentialType":"postgres","credentialId":"PUOk0NPZ2nvX2w8J"}}
{"__type":"$$EventMessageConfirm","confirm":"460766cd-b93f-4d79-a926-e3edcc3d3260","ts":"2025-10-01T12:54:22.490-04:00","source":{"id":"0","name":"eventBus"}}
{"__type":"$$EventMessageAudit","id":"4f333cbb-7b80-49cb-b74a-247cfba09728","ts":"2025-10-01T12:54:50.915-04:00","eventName":"n8n.audit.workflow.created","message":"n8n.audit.workflow.created","payload":{"userId":"f081abce-76b2-4e89-be09-deaa09272f44","_email":"nicollasciuldin@gmail.com","_firstName":"Nicollas","_lastName":"Ciuldin","globalRole":"global:owner","workflowId":"GyicKnMYW6RjKYuy","workflowName":"Teste Postgres - NCE"}}
{"__type":"$$EventMessageConfirm","confirm":"4f333cbb-7b80-49cb-b74a-247cfba09728","ts":"2025-10-01T12:54:50.915-04:00","source":{"id":"0","name":"eventBus"}}
{"__type":"$$EventMessageAudit","id":"ad1bb245-b868-44e0-a07c-cb94e857e9bd","ts":"2025-10-01T12:54:52.795-04:00","eventName":"n8n.audit.workflow.updated","message":"n8n.audit.workflow.updated","payload":{"userId":"f081abce-76b2-4e89-be09-deaa09272f44","_email":"nicollasciuldin@gmail.com","_firstName":"Nicollas","_lastName":"Ciuldin","globalRole":"global:owner","workflowId":"GyicKnMYW6RjKYuy","workflowName":"Teste Postgres - NCE"}}
{"__type":"$$EventMessageConfirm","confirm":"ad1bb245-b868-44e0-a07c-cb94e857e9bd","ts":"2025-10-01T12:54:52.795-04:00","source":{"id":"0","name":"eventBus"}}
{"__type":"$$EventMessageWorkflow","id":"8b308e80-178a-404e-8eb7-81dfe93eaa9f","ts":"2025-10-01T12:54:56.841-04:00","eventName":"n8n.workflow.started","message":"n8n.workflow.started","payload":{"executionId":"3","workflowId":"GyicKnMYW6RjKYuy","isManual":false,"workflowName":"Teste Postgres - NCE"}}
{"__type":"$$EventMessageConfirm","confirm":"8b308e80-178a-404e-8eb7-81dfe93eaa9f","ts":"2025-10-01T12:54:56.841-04:00","source":{"id":"0","name":"eventBus"}}
{"__type":"$$EventMessageNode","id":"5c862576-2f46-4c73-beb5-c0c196a53181","ts":"2025-10-01T12:54:56.842-04:00","eventName":"n8n.node.started","message":"n8n.node.started","payload":{"workflowId":"GyicKnMYW6RjKYuy","workflowName":"Teste Postgres - NCE","executionId":"3","nodeType":"n8n-nodes-base.webhook","nodeName":"Webhook","nodeId":"24a73c01-2a51-4c03-b640-0c0afff655ac"}}
{"__type":"$$EventMessageConfirm","confirm":"5c862576-2f46-4c73-beb5-c0c196a53181","ts":"2025-10-01T12:54:56.842-04:00","source":{"id":"0","name":"eventBus"}}
{"__type":"$$EventMessageNode","id":"ae7dfc71-6246-42ea-99c0-3c489d7810d2","ts":"2025-10-01T12:54:56.842-04:00","eventName":"n8n.node.finished","message":"n8n.node.finished","payload":{"workflowId":"GyicKnMYW6RjKYuy","workflowName":"Teste Postgres - NCE","executionId":"3","nodeType":"n8n-nodes-base.webhook","nodeName":"Webhook","nodeId":"24a73c01-2a51-4c03-b640-0c0afff655ac"}}
{"__type":"$$EventMessageConfirm","confirm":"ae7dfc71-6246-42ea-99c0-3c489d7810d2","ts":"2025-10-01T12:54:56.842-04:00","source":{"id":"0","name":"eventBus"}}
{"__type":"$$EventMessageNode","id":"b88bd1f0-8c93-4d52-8b26-2b72388d9c69","ts":"2025-10-01T12:54:56.842-04:00","eventName":"n8n.node.started","message":"n8n.node.started","payload":{"workflowId":"GyicKnMYW6RjKYuy","workflowName":"Teste Postgres - NCE","executionId":"3","nodeType":"n8n-nodes-base.postgres","nodeName":"Postgres - Buscar NCE","nodeId":"a59428aa-a91e-44a7-97ae-232a6a0ac19f"}}
{"__type":"$$EventMessageConfirm","confirm":"b88bd1f0-8c93-4d52-8b26-2b72388d9c69","ts":"2025-10-01T12:54:56.842-04:00","source":{"id":"0","name":"eventBus"}}
{"__type":"$$EventMessageNode","id":"26ac7765-48aa-4428-a563-7c6aa6ec2f9a","ts":"2025-10-01T12:54:56.925-04:00","eventName":"n8n.node.finished","message":"n8n.node.finished","payload":{"workflowId":"GyicKnMYW6RjKYuy","workflowName":"Teste Postgres - NCE","executionId":"3","nodeType":"n8n-nodes-base.postgres","nodeName":"Postgres - Buscar NCE","nodeId":"a59428aa-a91e-44a7-97ae-232a6a0ac19f"}}
{"__type":"$$EventMessageConfirm","confirm":"26ac7765-48aa-4428-a563-7c6aa6ec2f9a","ts":"2025-10-01T12:54:56.925-04:00","source":{"id":"0","name":"eventBus"}}
{"__type":"$$EventMessageWorkflow","id":"a959cb43-a58c-476c-8480-62d1525b88cb","ts":"2025-10-01T12:54:56.925-04:00","eventName":"n8n.workflow.failed","message":"n8n.workflow.failed","payload":{"executionId":"3","success":false,"isManual":false,"workflowId":"GyicKnMYW6RjKYuy","workflowName":"Teste Postgres - NCE","lastNodeExecuted":"Postgres - Buscar NCE","errorMessage":"relation \"nce\" does not exist"}}
{"__type":"$$EventMessageConfirm","confirm":"a959cb43-a58c-476c-8480-62d1525b88cb","ts":"2025-10-01T12:54:56.925-04:00","source":{"id":"0","name":"eventBus"}}
{"__type":"$$EventMessageAudit","id":"e4d493d4-791a-4537-b0ee-6820183b46af","ts":"2025-10-01T13:04:04.109-04:00","eventName":"n8n.audit.workflow.created","message":"n8n.audit.workflow.created","payload":{"userId":"f081abce-76b2-4e89-be09-deaa09272f44","_email":"nicollasciuldin@gmail.com","_firstName":"Nicollas","_lastName":"Ciuldin","globalRole":"global:owner","workflowId":"mlsVCPZjWETrWL2H","workflowName":"Teste Retorno Direto"}}
{"__type":"$$EventMessageConfirm","confirm":"e4d493d4-791a-4537-b0ee-6820183b46af","ts":"2025-10-01T13:04:04.110-04:00","source":{"id":"0","name":"eventBus"}}
{"__type":"$$EventMessageAudit","id":"c13ef440-e73a-4d61-bacd-75c8d412ac18","ts":"2025-10-01T13:04:05.074-04:00","eventName":"n8n.audit.workflow.updated","message":"n8n.audit.workflow.updated","payload":{"userId":"f081abce-76b2-4e89-be09-deaa09272f44","_email":"nicollasciuldin@gmail.com","_firstName":"Nicollas","_lastName":"Ciuldin","globalRole":"global:owner","workflowId":"mlsVCPZjWETrWL2H","workflowName":"Teste Retorno Direto"}}
{"__type":"$$EventMessageConfirm","confirm":"c13ef440-e73a-4d61-bacd-75c8d412ac18","ts":"2025-10-01T13:04:05.075-04:00","source":{"id":"0","name":"eventBus"}}
{"__type":"$$EventMessageWorkflow","id":"466c1418-5181-45ba-a028-87270a67047f","ts":"2025-10-01T13:04:11.744-04:00","eventName":"n8n.workflow.started","message":"n8n.workflow.started","payload":{"executionId":"4","workflowId":"mlsVCPZjWETrWL2H","isManual":false,"workflowName":"Teste Retorno Direto"}}
{"__type":"$$EventMessageConfirm","confirm":"466c1418-5181-45ba-a028-87270a67047f","ts":"2025-10-01T13:04:11.744-04:00","source":{"id":"0","name":"eventBus"}}
{"__type":"$$EventMessageNode","id":"8ef5d0e0-3882-4903-8ca3-3bcf25840517","ts":"2025-10-01T13:04:11.744-04:00","eventName":"n8n.node.started","message":"n8n.node.started","payload":{"workflowId":"mlsVCPZjWETrWL2H","workflowName":"Teste Retorno Direto","executionId":"4","nodeType":"n8n-nodes-base.webhook","nodeName":"Webhook","nodeId":"af5eff70-d84c-4066-969d-ede25bb84cf9"}}
{"__type":"$$EventMessageConfirm","confirm":"8ef5d0e0-3882-4903-8ca3-3bcf25840517","ts":"2025-10-01T13:04:11.744-04:00","source":{"id":"0","name":"eventBus"}}
{"__type":"$$EventMessageNode","id":"15613809-f917-4d66-8820-db7cf30ea97c","ts":"2025-10-01T13:04:11.744-04:00","eventName":"n8n.node.finished","message":"n8n.node.finished","payload":{"workflowId":"mlsVCPZjWETrWL2H","workflowName":"Teste Retorno Direto","executionId":"4","nodeType":"n8n-nodes-base.webhook","nodeName":"Webhook","nodeId":"af5eff70-d84c-4066-969d-ede25bb84cf9"}}
{"__type":"$$EventMessageConfirm","confirm":"15613809-f917-4d66-8820-db7cf30ea97c","ts":"2025-10-01T13:04:11.744-04:00","source":{"id":"0","name":"eventBus"}}
{"__type":"$$EventMessageNode","id":"bec4e089-4193-4d90-937b-e2ffa03f1f15","ts":"2025-10-01T13:04:11.745-04:00","eventName":"n8n.node.started","message":"n8n.node.started","payload":{"workflowId":"mlsVCPZjWETrWL2H","workflowName":"Teste Retorno Direto","executionId":"4","nodeType":"n8n-nodes-base.respondToWebhook","nodeName":"Responder","nodeId":"f197ce96-17ba-4468-ac99-ff22672aba86"}}
{"__type":"$$EventMessageConfirm","confirm":"bec4e089-4193-4d90-937b-e2ffa03f1f15","ts":"2025-10-01T13:04:11.745-04:00","source":{"id":"0","name":"eventBus"}}
{"__type":"$$EventMessageNode","id":"5c718265-f775-4731-980e-2bc565e8f143","ts":"2025-10-01T13:04:11.745-04:00","eventName":"n8n.node.finished","message":"n8n.node.finished","payload":{"workflowId":"mlsVCPZjWETrWL2H","workflowName":"Teste Retorno Direto","executionId":"4","nodeType":"n8n-nodes-base.respondToWebhook","nodeName":"Responder","nodeId":"f197ce96-17ba-4468-ac99-ff22672aba86"}}
{"__type":"$$EventMessageConfirm","confirm":"5c718265-f775-4731-980e-2bc565e8f143","ts":"2025-10-01T13:04:11.745-04:00","source":{"id":"0","name":"eventBus"}}
{"__type":"$$EventMessageWorkflow","id":"a0702518-e878-40de-8570-8c104aa8c877","ts":"2025-10-01T13:04:11.745-04:00","eventName":"n8n.workflow.success","message":"n8n.workflow.success","payload":{"executionId":"4","success":true,"isManual":false,"workflowId":"mlsVCPZjWETrWL2H","workflowName":"Teste Retorno Direto"}}
{"__type":"$$EventMessageConfirm","confirm":"a0702518-e878-40de-8570-8c104aa8c877","ts":"2025-10-01T13:04:11.745-04:00","source":{"id":"0","name":"eventBus"}}
{"__type":"$$EventMessageAudit","id":"34b041bb-6bd3-4761-af9a-652e30ae4d3e","ts":"2025-10-01T13:12:29.780-04:00","eventName":"n8n.audit.workflow.updated","message":"n8n.audit.workflow.updated","payload":{"userId":"f081abce-76b2-4e89-be09-deaa09272f44","_email":"nicollasciuldin@gmail.com","_firstName":"Nicollas","_lastName":"Ciuldin","globalRole":"global:owner","workflowId":"mlsVCPZjWETrWL2H","workflowName":"Teste Retorno Direto"}}
{"__type":"$$EventMessageConfirm","confirm":"34b041bb-6bd3-4761-af9a-652e30ae4d3e","ts":"2025-10-01T13:12:29.780-04:00","source":{"id":"0","name":"eventBus"}}
{"__type":"$$EventMessageAudit","id":"df57eba4-6746-4dce-803d-704d7a59d0f1","ts":"2025-10-01T13:15:43.959-04:00","eventName":"n8n.audit.workflow.updated","message":"n8n.audit.workflow.updated","payload":{"userId":"f081abce-76b2-4e89-be09-deaa09272f44","_email":"nicollasciuldin@gmail.com","_firstName":"Nicollas","_lastName":"Ciuldin","globalRole":"global:owner","workflowId":"mlsVCPZjWETrWL2H","workflowName":"Teste Retorno Direto"}}
{"__type":"$$EventMessageConfirm","confirm":"df57eba4-6746-4dce-803d-704d7a59d0f1","ts":"2025-10-01T13:15:43.959-04:00","source":{"id":"0","name":"eventBus"}}
{"__type":"$$EventMessageWorkflow","id":"8e5ec9a8-156a-45d2-ba9e-3582572a5775","ts":"2025-10-01T13:16:36.346-04:00","eventName":"n8n.workflow.started","message":"n8n.workflow.started","payload":{"executionId":"5","workflowId":"qECuwsVjvD9MYeps","isManual":false,"workflowName":"Teste Simples - Webhook"}}
{"__type":"$$EventMessageConfirm","confirm":"8e5ec9a8-156a-45d2-ba9e-3582572a5775","ts":"2025-10-01T13:16:36.346-04:00","source":{"id":"0","name":"eventBus"}}
{"__type":"$$EventMessageNode","id":"04a38ddb-8462-49b5-aad7-dd95c8004592","ts":"2025-10-01T13:16:36.348-04:00","eventName":"n8n.node.started","message":"n8n.node.started","payload":{"workflowId":"qECuwsVjvD9MYeps","workflowName":"Teste Simples - Webhook","executionId":"5","nodeType":"n8n-nodes-base.webhook","nodeName":"Webhook","nodeId":"2465488b-e034-4125-92b8-f648514f965f"}}
{"__type":"$$EventMessageConfirm","confirm":"04a38ddb-8462-49b5-aad7-dd95c8004592","ts":"2025-10-01T13:16:36.348-04:00","source":{"id":"0","name":"eventBus"}}
{"__type":"$$EventMessageNode","id":"f91d6797-6e42-4eb5-9f47-a6b6915f1474","ts":"2025-10-01T13:16:36.349-04:00","eventName":"n8n.node.finished","message":"n8n.node.finished","payload":{"workflowId":"qECuwsVjvD9MYeps","workflowName":"Teste Simples - Webhook","executionId":"5","nodeType":"n8n-nodes-base.webhook","nodeName":"Webhook","nodeId":"2465488b-e034-4125-92b8-f648514f965f"}}
{"__type":"$$EventMessageConfirm","confirm":"f91d6797-6e42-4eb5-9f47-a6b6915f1474","ts":"2025-10-01T13:16:36.349-04:00","source":{"id":"0","name":"eventBus"}}
{"__type":"$$EventMessageNode","id":"36a887ec-b3e8-471d-9c47-0314561cb4ab","ts":"2025-10-01T13:16:36.350-04:00","eventName":"n8n.node.started","message":"n8n.node.started","payload":{"workflowId":"qECuwsVjvD9MYeps","workflowName":"Teste Simples - Webhook","executionId":"5","nodeType":"n8n-nodes-base.respondToWebhook","nodeName":"Responder","nodeId":"88c9d53e-baba-4011-9564-8f266d5541ed"}}
{"__type":"$$EventMessageConfirm","confirm":"36a887ec-b3e8-471d-9c47-0314561cb4ab","ts":"2025-10-01T13:16:36.350-04:00","source":{"id":"0","name":"eventBus"}}
{"__type":"$$EventMessageNode","id":"52063466-da2a-4d63-a548-8b29b0aeed41","ts":"2025-10-01T13:16:36.351-04:00","eventName":"n8n.node.finished","message":"n8n.node.finished","payload":{"workflowId":"qECuwsVjvD9MYeps","workflowName":"Teste Simples - Webhook","executionId":"5","nodeType":"n8n-nodes-base.respondToWebhook","nodeName":"Responder","nodeId":"88c9d53e-baba-4011-9564-8f266d5541ed"}}
{"__type":"$$EventMessageConfirm","confirm":"52063466-da2a-4d63-a548-8b29b0aeed41","ts":"2025-10-01T13:16:36.351-04:00","source":{"id":"0","name":"eventBus"}}
{"__type":"$$EventMessageWorkflow","id":"a9b4b50b-c7f8-4985-b14c-37ef19cbb08b","ts":"2025-10-01T13:16:36.355-04:00","eventName":"n8n.workflow.success","message":"n8n.workflow.success","payload":{"executionId":"5","success":true,"isManual":true,"workflowId":"qECuwsVjvD9MYeps","workflowName":"Teste Simples - Webhook"}}
{"__type":"$$EventMessageConfirm","confirm":"a9b4b50b-c7f8-4985-b14c-37ef19cbb08b","ts":"2025-10-01T13:16:36.356-04:00","source":{"id":"0","name":"eventBus"}}
{"__type":"$$EventMessageAudit","id":"01d8342e-b271-46b3-b924-b57f69517302","ts":"2025-10-01T13:17:11.203-04:00","eventName":"n8n.audit.workflow.updated","message":"n8n.audit.workflow.updated","payload":{"userId":"f081abce-76b2-4e89-be09-deaa09272f44","_email":"nicollasciuldin@gmail.com","_firstName":"Nicollas","_lastName":"Ciuldin","globalRole":"global:owner","workflowId":"qECuwsVjvD9MYeps","workflowName":"Teste Simples - Webhook"}}
{"__type":"$$EventMessageConfirm","confirm":"01d8342e-b271-46b3-b924-b57f69517302","ts":"2025-10-01T13:17:11.203-04:00","source":{"id":"0","name":"eventBus"}}
{"__type":"$$EventMessageWorkflow","id":"3095e277-bcda-4c4f-8eca-d83402e6592a","ts":"2025-10-01T13:17:40.250-04:00","eventName":"n8n.workflow.started","message":"n8n.workflow.started","payload":{"executionId":"6","workflowId":"qECuwsVjvD9MYeps","isManual":false,"workflowName":"Teste Simples - Webhook"}}
{"__type":"$$EventMessageConfirm","confirm":"3095e277-bcda-4c4f-8eca-d83402e6592a","ts":"2025-10-01T13:17:40.251-04:00","source":{"id":"0","name":"eventBus"}}
{"__type":"$$EventMessageNode","id":"e40f144e-ee32-4318-adc6-cd6222a60aec","ts":"2025-10-01T13:17:40.252-04:00","eventName":"n8n.node.started","message":"n8n.node.started","payload":{"workflowId":"qECuwsVjvD9MYeps","workflowName":"Teste Simples - Webhook","executionId":"6","nodeType":"n8n-nodes-base.webhook","nodeName":"Webhook","nodeId":"2465488b-e034-4125-92b8-f648514f965f"}}
{"__type":"$$EventMessageConfirm","confirm":"e40f144e-ee32-4318-adc6-cd6222a60aec","ts":"2025-10-01T13:17:40.252-04:00","source":{"id":"0","name":"eventBus"}}
{"__type":"$$EventMessageNode","id":"9d725b2e-6362-457c-873c-f5a1ffb4019f","ts":"2025-10-01T13:17:40.253-04:00","eventName":"n8n.node.finished","message":"n8n.node.finished","payload":{"workflowId":"qECuwsVjvD9MYeps","workflowName":"Teste Simples - Webhook","executionId":"6","nodeType":"n8n-nodes-base.webhook","nodeName":"Webhook","nodeId":"2465488b-e034-4125-92b8-f648514f965f"}}
{"__type":"$$EventMessageConfirm","confirm":"9d725b2e-6362-457c-873c-f5a1ffb4019f","ts":"2025-10-01T13:17:40.253-04:00","source":{"id":"0","name":"eventBus"}}
{"__type":"$$EventMessageNode","id":"a6b46072-0265-4567-affa-2ae39475f337","ts":"2025-10-01T13:17:40.254-04:00","eventName":"n8n.node.started","message":"n8n.node.started","payload":{"workflowId":"qECuwsVjvD9MYeps","workflowName":"Teste Simples - Webhook","executionId":"6","nodeType":"n8n-nodes-base.respondToWebhook","nodeName":"Responder","nodeId":"88c9d53e-baba-4011-9564-8f266d5541ed"}}
{"__type":"$$EventMessageConfirm","confirm":"a6b46072-0265-4567-affa-2ae39475f337","ts":"2025-10-01T13:17:40.254-04:00","source":{"id":"0","name":"eventBus"}}
{"__type":"$$EventMessageNode","id":"56f724f2-7faf-4fc6-b25c-07bc5ebf36f5","ts":"2025-10-01T13:17:40.255-04:00","eventName":"n8n.node.finished","message":"n8n.node.finished","payload":{"workflowId":"qECuwsVjvD9MYeps","workflowName":"Teste Simples - Webhook","executionId":"6","nodeType":"n8n-nodes-base.respondToWebhook","nodeName":"Responder","nodeId":"88c9d53e-baba-4011-9564-8f266d5541ed"}}
{"__type":"$$EventMessageConfirm","confirm":"56f724f2-7faf-4fc6-b25c-07bc5ebf36f5","ts":"2025-10-01T13:17:40.255-04:00","source":{"id":"0","name":"eventBus"}}
{"__type":"$$EventMessageWorkflow","id":"b94b3409-dbdf-425e-a6c1-5a72845cf3dd","ts":"2025-10-01T13:17:40.257-04:00","eventName":"n8n.workflow.success","message":"n8n.workflow.success","payload":{"executionId":"6","success":true,"isManual":true,"workflowId":"qECuwsVjvD9MYeps","workflowName":"Teste Simples - Webhook"}}
{"__type":"$$EventMessageConfirm","confirm":"b94b3409-dbdf-425e-a6c1-5a72845cf3dd","ts":"2025-10-01T13:17:40.257-04:00","source":{"id":"0","name":"eventBus"}}
{"__type":"$$EventMessageAudit","id":"3633a323-fb52-4936-b1d9-8956bde054fb","ts":"2025-10-01T13:22:05.278-04:00","eventName":"n8n.audit.workflow.updated","message":"n8n.audit.workflow.updated","payload":{"userId":"f081abce-76b2-4e89-be09-deaa09272f44","_email":"nicollasciuldin@gmail.com","_firstName":"Nicollas","_lastName":"Ciuldin","globalRole":"global:owner","workflowId":"qECuwsVjvD9MYeps","workflowName":"Teste Simples - Webhook"}}
{"__type":"$$EventMessageConfirm","confirm":"3633a323-fb52-4936-b1d9-8956bde054fb","ts":"2025-10-01T13:22:05.278-04:00","source":{"id":"0","name":"eventBus"}}
{"__type":"$$EventMessageWorkflow","id":"d5d5b198-f098-498b-894d-24ed05354549","ts":"2025-10-01T13:22:15.940-04:00","eventName":"n8n.workflow.started","message":"n8n.workflow.started","payload":{"executionId":"7","workflowId":"qECuwsVjvD9MYeps","isManual":false,"workflowName":"Teste Simples - Webhook"}}
{"__type":"$$EventMessageConfirm","confirm":"d5d5b198-f098-498b-894d-24ed05354549","ts":"2025-10-01T13:22:15.940-04:00","source":{"id":"0","name":"eventBus"}}
{"__type":"$$EventMessageNode","id":"90fb75a3-36b8-4529-857b-37101b500e09","ts":"2025-10-01T13:22:15.941-04:00","eventName":"n8n.node.started","message":"n8n.node.started","payload":{"workflowId":"qECuwsVjvD9MYeps","workflowName":"Teste Simples - Webhook","executionId":"7","nodeType":"n8n-nodes-base.webhook","nodeName":"Webhook","nodeId":"2465488b-e034-4125-92b8-f648514f965f"}}
{"__type":"$$EventMessageConfirm","confirm":"90fb75a3-36b8-4529-857b-37101b500e09","ts":"2025-10-01T13:22:15.941-04:00","source":{"id":"0","name":"eventBus"}}
{"__type":"$$EventMessageNode","id":"a72ffe58-0368-45d2-a20f-634aab1ba777","ts":"2025-10-01T13:22:15.942-04:00","eventName":"n8n.node.finished","message":"n8n.node.finished","payload":{"workflowId":"qECuwsVjvD9MYeps","workflowName":"Teste Simples - Webhook","executionId":"7","nodeType":"n8n-nodes-base.webhook","nodeName":"Webhook","nodeId":"2465488b-e034-4125-92b8-f648514f965f"}}
{"__type":"$$EventMessageConfirm","confirm":"a72ffe58-0368-45d2-a20f-634aab1ba777","ts":"2025-10-01T13:22:15.942-04:00","source":{"id":"0","name":"eventBus"}}
{"__type":"$$EventMessageNode","id":"a97fd2b7-b22c-40ec-b1a8-4cfb19dcb58a","ts":"2025-10-01T13:22:15.943-04:00","eventName":"n8n.node.started","message":"n8n.node.started","payload":{"workflowId":"qECuwsVjvD9MYeps","workflowName":"Teste Simples - Webhook","executionId":"7","nodeType":"n8n-nodes-base.respondToWebhook","nodeName":"Responder","nodeId":"88c9d53e-baba-4011-9564-8f266d5541ed"}}
{"__type":"$$EventMessageConfirm","confirm":"a97fd2b7-b22c-40ec-b1a8-4cfb19dcb58a","ts":"2025-10-01T13:22:15.943-04:00","source":{"id":"0","name":"eventBus"}}
{"__type":"$$EventMessageNode","id":"6ce91aaf-1dfb-48ee-a20e-eaa9f80d68da","ts":"2025-10-01T13:22:15.947-04:00","eventName":"n8n.node.finished","message":"n8n.node.finished","payload":{"workflowId":"qECuwsVjvD9MYeps","workflowName":"Teste Simples - Webhook","executionId":"7","nodeType":"n8n-nodes-base.respondToWebhook","nodeName":"Responder","nodeId":"88c9d53e-baba-4011-9564-8f266d5541ed"}}
{"__type":"$$EventMessageConfirm","confirm":"6ce91aaf-1dfb-48ee-a20e-eaa9f80d68da","ts":"2025-10-01T13:22:15.947-04:00","source":{"id":"0","name":"eventBus"}}
{"__type":"$$EventMessageWorkflow","id":"63b4fdc9-f74a-4189-a7f8-cb1b441a919e","ts":"2025-10-01T13:22:15.948-04:00","eventName":"n8n.workflow.success","message":"n8n.workflow.success","payload":{"executionId":"7","success":true,"isManual":true,"workflowId":"qECuwsVjvD9MYeps","workflowName":"Teste Simples - Webhook"}}
{"__type":"$$EventMessageConfirm","confirm":"63b4fdc9-f74a-4189-a7f8-cb1b441a919e","ts":"2025-10-01T13:22:15.949-04:00","source":{"id":"0","name":"eventBus"}}
{"__type":"$$EventMessageAudit","id":"9b6b4427-5fae-4f37-8318-f07ecbd230f4","ts":"2025-10-01T13:22:32.230-04:00","eventName":"n8n.audit.workflow.updated","message":"n8n.audit.workflow.updated","payload":{"userId":"f081abce-76b2-4e89-be09-deaa09272f44","_email":"nicollasciuldin@gmail.com","_firstName":"Nicollas","_lastName":"Ciuldin","globalRole":"global:owner","workflowId":"qECuwsVjvD9MYeps","workflowName":"Teste Simples - Webhook"}}
{"__type":"$$EventMessageConfirm","confirm":"9b6b4427-5fae-4f37-8318-f07ecbd230f4","ts":"2025-10-01T13:22:32.230-04:00","source":{"id":"0","name":"eventBus"}}
{"__type":"$$EventMessageWorkflow","id":"c5c410db-0a1e-4ac2-bbb9-5ae7933a213f","ts":"2025-10-01T13:22:34.623-04:00","eventName":"n8n.workflow.started","message":"n8n.workflow.started","payload":{"executionId":"8","workflowId":"qECuwsVjvD9MYeps","isManual":false,"workflowName":"Teste Simples - Webhook"}}
{"__type":"$$EventMessageConfirm","confirm":"c5c410db-0a1e-4ac2-bbb9-5ae7933a213f","ts":"2025-10-01T13:22:34.624-04:00","source":{"id":"0","name":"eventBus"}}
{"__type":"$$EventMessageNode","id":"bb8b87e8-5768-4a3a-a7c0-ab933b29a1e0","ts":"2025-10-01T13:22:34.625-04:00","eventName":"n8n.node.started","message":"n8n.node.started","payload":{"workflowId":"qECuwsVjvD9MYeps","workflowName":"Teste Simples - Webhook","executionId":"8","nodeType":"n8n-nodes-base.webhook","nodeName":"Webhook","nodeId":"2465488b-e034-4125-92b8-f648514f965f"}}
{"__type":"$$EventMessageConfirm","confirm":"bb8b87e8-5768-4a3a-a7c0-ab933b29a1e0","ts":"2025-10-01T13:22:34.625-04:00","source":{"id":"0","name":"eventBus"}}
{"__type":"$$EventMessageNode","id":"6e9741f9-c966-4aff-9896-ba14e7a64031","ts":"2025-10-01T13:22:34.627-04:00","eventName":"n8n.node.finished","message":"n8n.node.finished","payload":{"workflowId":"qECuwsVjvD9MYeps","workflowName":"Teste Simples - Webhook","executionId":"8","nodeType":"n8n-nodes-base.webhook","nodeName":"Webhook","nodeId":"2465488b-e034-4125-92b8-f648514f965f"}}
{"__type":"$$EventMessageConfirm","confirm":"6e9741f9-c966-4aff-9896-ba14e7a64031","ts":"2025-10-01T13:22:34.627-04:00","source":{"id":"0","name":"eventBus"}}
{"__type":"$$EventMessageNode","id":"9f61da50-0d29-43c2-ac05-6f6ed2e2f6c7","ts":"2025-10-01T13:22:34.628-04:00","eventName":"n8n.node.started","message":"n8n.node.started","payload":{"workflowId":"qECuwsVjvD9MYeps","workflowName":"Teste Simples - Webhook","executionId":"8","nodeType":"n8n-nodes-base.respondToWebhook","nodeName":"Responder","nodeId":"88c9d53e-baba-4011-9564-8f266d5541ed"}}
{"__type":"$$EventMessageConfirm","confirm":"9f61da50-0d29-43c2-ac05-6f6ed2e2f6c7","ts":"2025-10-01T13:22:34.628-04:00","source":{"id":"0","name":"eventBus"}}
{"__type":"$$EventMessageNode","id":"55cbde64-75d8-45fe-b846-103032bcd8b6","ts":"2025-10-01T13:22:34.629-04:00","eventName":"n8n.node.finished","message":"n8n.node.finished","payload":{"workflowId":"qECuwsVjvD9MYeps","workflowName":"Teste Simples - Webhook","executionId":"8","nodeType":"n8n-nodes-base.respondToWebhook","nodeName":"Responder","nodeId":"88c9d53e-baba-4011-9564-8f266d5541ed"}}
{"__type":"$$EventMessageConfirm","confirm":"55cbde64-75d8-45fe-b846-103032bcd8b6","ts":"2025-10-01T13:22:34.629-04:00","source":{"id":"0","name":"eventBus"}}
{"__type":"$$EventMessageWorkflow","id":"028d036e-59d8-4a4e-a9cc-65fa97326ab2","ts":"2025-10-01T13:22:34.630-04:00","eventName":"n8n.workflow.success","message":"n8n.workflow.success","payload":{"executionId":"8","success":true,"isManual":true,"workflowId":"qECuwsVjvD9MYeps","workflowName":"Teste Simples - Webhook"}}
{"__type":"$$EventMessageConfirm","confirm":"028d036e-59d8-4a4e-a9cc-65fa97326ab2","ts":"2025-10-01T13:22:34.630-04:00","source":{"id":"0","name":"eventBus"}}
{"__type":"$$EventMessageWorkflow","id":"0627e779-df16-4e42-9225-73621ad5817d","ts":"2025-10-01T13:23:44.244-04:00","eventName":"n8n.workflow.started","message":"n8n.workflow.started","payload":{"executionId":"9","workflowId":"qECuwsVjvD9MYeps","isManual":false,"workflowName":"Teste Simples - Webhook"}}
{"__type":"$$EventMessageConfirm","confirm":"0627e779-df16-4e42-9225-73621ad5817d","ts":"2025-10-01T13:23:44.244-04:00","source":{"id":"0","name":"eventBus"}}
{"__type":"$$EventMessageNode","id":"4d3d1088-8e14-404b-8e64-e7e37e4bd1a8","ts":"2025-10-01T13:23:44.245-04:00","eventName":"n8n.node.started","message":"n8n.node.started","payload":{"workflowId":"qECuwsVjvD9MYeps","workflowName":"Teste Simples - Webhook","executionId":"9","nodeType":"n8n-nodes-base.webhook","nodeName":"Webhook","nodeId":"2465488b-e034-4125-92b8-f648514f965f"}}
{"__type":"$$EventMessageConfirm","confirm":"4d3d1088-8e14-404b-8e64-e7e37e4bd1a8","ts":"2025-10-01T13:23:44.245-04:00","source":{"id":"0","name":"eventBus"}}
{"__type":"$$EventMessageNode","id":"23bde5b5-83c3-49e7-8166-8f3680d1cf97","ts":"2025-10-01T13:23:44.245-04:00","eventName":"n8n.node.finished","message":"n8n.node.finished","payload":{"workflowId":"qECuwsVjvD9MYeps","workflowName":"Teste Simples - Webhook","executionId":"9","nodeType":"n8n-nodes-base.webhook","nodeName":"Webhook","nodeId":"2465488b-e034-4125-92b8-f648514f965f"}}
{"__type":"$$EventMessageConfirm","confirm":"23bde5b5-83c3-49e7-8166-8f3680d1cf97","ts":"2025-10-01T13:23:44.245-04:00","source":{"id":"0","name":"eventBus"}}
{"__type":"$$EventMessageWorkflow","id":"71d317f8-8433-4348-b61f-6989088bb4dc","ts":"2025-10-01T13:23:44.246-04:00","eventName":"n8n.workflow.success","message":"n8n.workflow.success","payload":{"executionId":"9","success":true,"isManual":true,"workflowId":"qECuwsVjvD9MYeps","workflowName":"Teste Simples - Webhook"}}
{"__type":"$$EventMessageConfirm","confirm":"71d317f8-8433-4348-b61f-6989088bb4dc","ts":"2025-10-01T13:23:44.247-04:00","source":{"id":"0","name":"eventBus"}}
{"__type":"$$EventMessageWorkflow","id":"7c0b1ea6-6471-4fb0-b52c-f80ca75c59e3","ts":"2025-10-01T13:23:59.807-04:00","eventName":"n8n.workflow.started","message":"n8n.workflow.started","payload":{"executionId":"10","workflowId":"qECuwsVjvD9MYeps","isManual":false,"workflowName":"Teste Simples - Webhook"}}
{"__type":"$$EventMessageConfirm","confirm":"7c0b1ea6-6471-4fb0-b52c-f80ca75c59e3","ts":"2025-10-01T13:23:59.807-04:00","source":{"id":"0","name":"eventBus"}}
{"__type":"$$EventMessageNode","id":"8c82ade3-4aad-422c-b0d0-440107e538ab","ts":"2025-10-01T13:23:59.808-04:00","eventName":"n8n.node.started","message":"n8n.node.started","payload":{"workflowId":"qECuwsVjvD9MYeps","workflowName":"Teste Simples - Webhook","executionId":"10","nodeType":"n8n-nodes-base.respondToWebhook","nodeName":"Responder","nodeId":"88c9d53e-baba-4011-9564-8f266d5541ed"}}
{"__type":"$$EventMessageConfirm","confirm":"8c82ade3-4aad-422c-b0d0-440107e538ab","ts":"2025-10-01T13:23:59.808-04:00","source":{"id":"0","name":"eventBus"}}
{"__type":"$$EventMessageNode","id":"c8d21701-636d-41bd-bfa8-6dceb0e0f6db","ts":"2025-10-01T13:23:59.809-04:00","eventName":"n8n.node.finished","message":"n8n.node.finished","payload":{"workflowId":"qECuwsVjvD9MYeps","workflowName":"Teste Simples - Webhook","executionId":"10","nodeType":"n8n-nodes-base.respondToWebhook","nodeName":"Responder","nodeId":"88c9d53e-baba-4011-9564-8f266d5541ed"}}
{"__type":"$$EventMessageConfirm","confirm":"c8d21701-636d-41bd-bfa8-6dceb0e0f6db","ts":"2025-10-01T13:23:59.809-04:00","source":{"id":"0","name":"eventBus"}}
{"__type":"$$EventMessageWorkflow","id":"119bcb0a-b3ca-42f2-b8a9-196f810bb1a0","ts":"2025-10-01T13:23:59.810-04:00","eventName":"n8n.workflow.success","message":"n8n.workflow.success","payload":{"userId":"f081abce-76b2-4e89-be09-deaa09272f44","executionId":"10","success":true,"isManual":true,"workflowId":"qECuwsVjvD9MYeps","workflowName":"Teste Simples - Webhook"}}
{"__type":"$$EventMessageConfirm","confirm":"119bcb0a-b3ca-42f2-b8a9-196f810bb1a0","ts":"2025-10-01T13:23:59.811-04:00","source":{"id":"0","name":"eventBus"}}
{"__type":"$$EventMessageWorkflow","id":"cae2976b-a74e-491e-9129-3c951f58f9bd","ts":"2025-10-01T13:24:18.179-04:00","eventName":"n8n.workflow.started","message":"n8n.workflow.started","payload":{"executionId":"11","workflowId":"qECuwsVjvD9MYeps","isManual":false,"workflowName":"Teste Simples - Webhook"}}
{"__type":"$$EventMessageConfirm","confirm":"cae2976b-a74e-491e-9129-3c951f58f9bd","ts":"2025-10-01T13:24:18.179-04:00","source":{"id":"0","name":"eventBus"}}
{"__type":"$$EventMessageNode","id":"e6de0eb6-1c18-44d5-b48b-266d44eecdf7","ts":"2025-10-01T13:24:18.179-04:00","eventName":"n8n.node.started","message":"n8n.node.started","payload":{"workflowId":"qECuwsVjvD9MYeps","workflowName":"Teste Simples - Webhook","executionId":"11","nodeType":"n8n-nodes-base.respondToWebhook","nodeName":"Responder","nodeId":"88c9d53e-baba-4011-9564-8f266d5541ed"}}
{"__type":"$$EventMessageConfirm","confirm":"e6de0eb6-1c18-44d5-b48b-266d44eecdf7","ts":"2025-10-01T13:24:18.179-04:00","source":{"id":"0","name":"eventBus"}}
{"__type":"$$EventMessageNode","id":"dbc40bcf-2f3c-4bcd-894e-5ceaec24d7d7","ts":"2025-10-01T13:24:18.181-04:00","eventName":"n8n.node.finished","message":"n8n.node.finished","payload":{"workflowId":"qECuwsVjvD9MYeps","workflowName":"Teste Simples - Webhook","executionId":"11","nodeType":"n8n-nodes-base.respondToWebhook","nodeName":"Responder","nodeId":"88c9d53e-baba-4011-9564-8f266d5541ed"}}
{"__type":"$$EventMessageConfirm","confirm":"dbc40bcf-2f3c-4bcd-894e-5ceaec24d7d7","ts":"2025-10-01T13:24:18.181-04:00","source":{"id":"0","name":"eventBus"}}
{"__type":"$$EventMessageWorkflow","id":"b519f912-8a65-4a80-8879-c37fb84b88d1","ts":"2025-10-01T13:24:18.183-04:00","eventName":"n8n.workflow.success","message":"n8n.workflow.success","payload":{"userId":"f081abce-76b2-4e89-be09-deaa09272f44","executionId":"11","success":true,"isManual":true,"workflowId":"qECuwsVjvD9MYeps","workflowName":"Teste Simples - Webhook"}}
{"__type":"$$EventMessageConfirm","confirm":"b519f912-8a65-4a80-8879-c37fb84b88d1","ts":"2025-10-01T13:24:18.183-04:00","source":{"id":"0","name":"eventBus"}}
{"__type":"$$EventMessageAudit","id":"11611a2c-1acb-434e-b849-4e3ea1121c1e","ts":"2025-10-01T13:24:30.435-04:00","eventName":"n8n.audit.workflow.updated","message":"n8n.audit.workflow.updated","payload":{"userId":"f081abce-76b2-4e89-be09-deaa09272f44","_email":"nicollasciuldin@gmail.com","_firstName":"Nicollas","_lastName":"Ciuldin","globalRole":"global:owner","workflowId":"qECuwsVjvD9MYeps","workflowName":"Teste Simples - Webhook"}}
{"__type":"$$EventMessageConfirm","confirm":"11611a2c-1acb-434e-b849-4e3ea1121c1e","ts":"2025-10-01T13:24:30.436-04:00","source":{"id":"0","name":"eventBus"}}
{"__type":"$$EventMessageWorkflow","id":"1b4c761e-b829-4e26-aea1-7edc73d93917","ts":"2025-10-01T13:24:44.098-04:00","eventName":"n8n.workflow.started","message":"n8n.workflow.started","payload":{"executionId":"12","workflowId":"GyicKnMYW6RjKYuy","isManual":false,"workflowName":"Teste Postgres - NCE"}}
{"__type":"$$EventMessageConfirm","confirm":"1b4c761e-b829-4e26-aea1-7edc73d93917","ts":"2025-10-01T13:24:44.098-04:00","source":{"id":"0","name":"eventBus"}}
{"__type":"$$EventMessageNode","id":"d3664e92-7146-4fb1-abf3-ee51289ec913","ts":"2025-10-01T13:24:44.099-04:00","eventName":"n8n.node.started","message":"n8n.node.started","payload":{"workflowId":"GyicKnMYW6RjKYuy","workflowName":"Teste Postgres - NCE","executionId":"12","nodeType":"n8n-nodes-base.webhook","nodeName":"Webhook","nodeId":"24a73c01-2a51-4c03-b640-0c0afff655ac"}}
{"__type":"$$EventMessageConfirm","confirm":"d3664e92-7146-4fb1-abf3-ee51289ec913","ts":"2025-10-01T13:24:44.099-04:00","source":{"id":"0","name":"eventBus"}}
{"__type":"$$EventMessageNode","id":"1c7fcdf7-a468-42a3-827c-09694d516f3b","ts":"2025-10-01T13:24:44.100-04:00","eventName":"n8n.node.finished","message":"n8n.node.finished","payload":{"workflowId":"GyicKnMYW6RjKYuy","workflowName":"Teste Postgres - NCE","executionId":"12","nodeType":"n8n-nodes-base.webhook","nodeName":"Webhook","nodeId":"24a73c01-2a51-4c03-b640-0c0afff655ac"}}
{"__type":"$$EventMessageConfirm","confirm":"1c7fcdf7-a468-42a3-827c-09694d516f3b","ts":"2025-10-01T13:24:44.100-04:00","source":{"id":"0","name":"eventBus"}}
{"__type":"$$EventMessageWorkflow","id":"49a774e5-f631-4e99-9ebc-6b86bf3f0b65","ts":"2025-10-01T13:24:44.102-04:00","eventName":"n8n.workflow.success","message":"n8n.workflow.success","payload":{"executionId":"12","success":true,"isManual":true,"workflowId":"GyicKnMYW6RjKYuy","workflowName":"Teste Postgres - NCE"}}
{"__type":"$$EventMessageConfirm","confirm":"49a774e5-f631-4e99-9ebc-6b86bf3f0b65","ts":"2025-10-01T13:24:44.103-04:00","source":{"id":"0","name":"eventBus"}}
{"__type":"$$EventMessageWorkflow","id":"ae9a2cad-3a74-486d-ada2-fa367562ef87","ts":"2025-10-01T13:25:06.107-04:00","eventName":"n8n.workflow.started","message":"n8n.workflow.started","payload":{"executionId":"13","workflowId":"GyicKnMYW6RjKYuy","isManual":false,"workflowName":"Teste Postgres - NCE"}}
{"__type":"$$EventMessageConfirm","confirm":"ae9a2cad-3a74-486d-ada2-fa367562ef87","ts":"2025-10-01T13:25:06.107-04:00","source":{"id":"0","name":"eventBus"}}
{"__type":"$$EventMessageNode","id":"13316840-bb0c-456c-9d02-41b610c03f66","ts":"2025-10-01T13:25:06.108-04:00","eventName":"n8n.node.started","message":"n8n.node.started","payload":{"workflowId":"GyicKnMYW6RjKYuy","workflowName":"Teste Postgres - NCE","executionId":"13","nodeType":"n8n-nodes-base.postgres","nodeName":"Postgres - Buscar NCE","nodeId":"a59428aa-a91e-44a7-97ae-232a6a0ac19f"}}
{"__type":"$$EventMessageConfirm","confirm":"13316840-bb0c-456c-9d02-41b610c03f66","ts":"2025-10-01T13:25:06.108-04:00","source":{"id":"0","name":"eventBus"}}
{"__type":"$$EventMessageNode","id":"fcc97d68-e0cc-4406-9b4c-df1b8e407c37","ts":"2025-10-01T13:25:06.174-04:00","eventName":"n8n.node.finished","message":"n8n.node.finished","payload":{"workflowId":"GyicKnMYW6RjKYuy","workflowName":"Teste Postgres - NCE","executionId":"13","nodeType":"n8n-nodes-base.postgres","nodeName":"Postgres - Buscar NCE","nodeId":"a59428aa-a91e-44a7-97ae-232a6a0ac19f"}}
{"__type":"$$EventMessageConfirm","confirm":"fcc97d68-e0cc-4406-9b4c-df1b8e407c37","ts":"2025-10-01T13:25:06.174-04:00","source":{"id":"0","name":"eventBus"}}
{"__type":"$$EventMessageWorkflow","id":"821cb694-916d-4e0c-b729-a91c5dbe6663","ts":"2025-10-01T13:25:06.176-04:00","eventName":"n8n.workflow.failed","message":"n8n.workflow.failed","payload":{"userId":"f081abce-76b2-4e89-be09-deaa09272f44","executionId":"13","success":false,"isManual":true,"workflowId":"GyicKnMYW6RjKYuy","workflowName":"Teste Postgres - NCE","lastNodeExecuted":"Postgres - Buscar NCE","errorMessage":"relation \"nce\" does not exist"}}
{"__type":"$$EventMessageConfirm","confirm":"821cb694-916d-4e0c-b729-a91c5dbe6663","ts":"2025-10-01T13:25:06.176-04:00","source":{"id":"0","name":"eventBus"}}
